app/components/veiculos/CategorySelect.tsx(51,16): error TS18048: 'newCategory' is possibly 'undefined'.
app/components/veiculos/CategorySelect.tsx(52,17): error TS18048: 'newCategory' is possibly 'undefined'.
app/veiculos/[id]/page.tsx(468,11): error TS2322: Type 'Dispatch<SetStateAction<Date | null>>' is not assignable to type '(value: string | null) => void'.
  Types of parameters 'value' and 'value' are incompatible.
    Type 'string | null' is not assignable to type 'SetStateAction<Date | null>'.
      Type 'string' is not assignable to type 'SetStateAction<Date | null>'.
app/veiculos/[id]/page.tsx(591,23): error TS2322: Type 'Dispatch<SetStateAction<Date | null>>' is not assignable to type '(value: string | null) => void'.
  Types of parameters 'value' and 'value' are incompatible.
    Type 'string | null' is not assignable to type 'SetStateAction<Date | null>'.
      Type 'string' is not assignable to type 'SetStateAction<Date | null>'.
